[2026-05-29T22:57:05] FIRST_RUN
report_generated_at=2026-05-23T22:21:12
summary=rows_checked:6,rows_needing_review:6,failed_source_fetches:6,possible_new_versions:none
- No previous baseline existed. Created the first comparison snapshot from the current report.

[2026-05-29T22:57:20] NO_SIGNIFICANT_CHANGE
report_generated_at=2026-05-23T22:21:12
summary=rows_checked:6,rows_needing_review:6,failed_source_fetches:6,possible_new_versions:none
- No significant change compared with the previous run.

[2026-05-29T22:58:11] CHANGED
report_generated_at=2026-05-23T22:21:12
summary=rows_checked:6,rows_needing_review:6,failed_source_fetches:6,possible_new_versions:none
- Manual review rows changed. Added: none. Removed: URLError: <urlopen error [Errno 8] nodename nor servname provided, or not known>; curl fallback failed: Command '['curl', '-L', '-sS', '--max-time', '20', '-A', 'Mozilla/5.0

[2026-05-29T22:58:27] NO_SIGNIFICANT_CHANGE
report_generated_at=2026-05-23T22:21:12
summary=rows_checked:6,rows_needing_review:6,failed_source_fetches:6,possible_new_versions:none
- No significant change compared with the previous run.

[2026-05-29T23:19:43] CHANGED
report_generated_at=2026-05-29T23:19:43
summary=rows_checked:6,rows_needing_review:6,failed_source_fetches:6,possible_new_versions:none
- ww-3.2-phase-2-character: reasons changed. Added: last_checked is 10 days old. Removed: none
- ww-3.3-phase-1-character: reasons changed. Added: last_checked is 10 days old. Removed: none
- ww-3.3-phase-1-weapon: reasons changed. Added: last_checked is 10 days old. Removed: none
- ww-3.3-phase-2-character: source_url changed: https://www.youtube.com/watch?v=viOkAhoa0k8 -> https://wutheringwaves.kurogames.com/en/main/news/detail/2966
- ww-3.3-phase-2-character: source_type changed: official_social -> official_site
- ww-3.3-phase-2-weapon: source_url changed: https://www.pcgamer.com/games/rpg/wuthering-waves-banner-next-current/ -> https://wutheringwaves.kurogames.com/en/main/news/detail/2966
- ww-3.3-phase-2-weapon: source_type changed: secondary_media -> official_site
- ww-3.3-phase-2-weapon: reasons changed. Added: none. Removed: source_type is secondary_media
- ww-3.4-phase-1-preview: source_url changed: https://www.youtube.com/@WutheringWaves -> https://www.dearplayers.com/en-PH/updates/wuthering-waves/2058850561991057878

[2026-05-29T23:20:57] CHANGED
report_generated_at=2026-05-29T23:20:25
summary=rows_checked:6,rows_needing_review:5,failed_source_fetches:0,possible_new_versions:none
- Summary changed: rows_needing_review: 6 -> 5
- Summary changed: failed_source_fetches: 6 -> 0
- ww-3.2-phase-2-character: reasons changed. Added: none. Removed: source fetch failed: fetch-failed
- ww-3.3-phase-1-character: reasons changed. Added: none. Removed: source fetch failed: fetch-failed
- ww-3.3-phase-1-weapon: reasons changed. Added: source page did not clearly match expected banner names. Removed: source fetch failed: fetch-failed
- ww-3.3-phase-2-character: reasons changed. Added: source page did not clearly match expected banner names. Removed: source fetch failed: fetch-failed
- ww-3.3-phase-2-weapon: reasons changed. Added: source page did not clearly match expected banner names. Removed: source fetch failed: fetch-failed
- ww-3.4-phase-1-preview: needs_review changed: True -> False
- ww-3.4-phase-1-preview: reasons changed. Added: none. Removed: source fetch failed: fetch-failed
- ww-3.2-phase-2-character: source probe fetch_ok changed: False -> True
- ww-3.2-phase-2-character: source probe status changed: fetch-failed -> curl-ok
- ww-3.2-phase-2-character: source probe term_hits changed: [] -> ['3.2']
- ww-3.2-phase-2-character: source probe version_hits changed: [] -> ['3.2']
- ww-3.3-phase-1-character: source probe fetch_ok changed: False -> True
- ww-3.3-phase-1-character: source probe status changed: fetch-failed -> curl-ok
- ww-3.3-phase-1-character: source probe term_hits changed: [] -> ['3.3', 'Hiyuki']
- ww-3.3-phase-1-character: source probe version_hits changed: [] -> ['3.3']
- ww-3.3-phase-1-weapon: source probe fetch_ok changed: False -> True
- ww-3.3-phase-1-weapon: source probe status changed: fetch-failed -> curl-ok
- ww-3.3-phase-2-character: source probe fetch_ok changed: False -> True
- ww-3.3-phase-2-character: source probe status changed: fetch-failed -> curl-ok
- ww-3.3-phase-2-weapon: source probe fetch_ok changed: False -> True
- ww-3.3-phase-2-weapon: source probe status changed: fetch-failed -> curl-ok
- ww-3.4-phase-1-preview: source probe fetch_ok changed: False -> True
- ww-3.4-phase-1-preview: source probe status changed: fetch-failed -> curl-ok
- ww-3.4-phase-1-preview: source probe term_hits changed: [] -> ['3.4', 'Version 3.4 Preview']
- ww-3.4-phase-1-preview: source probe version_hits changed: [] -> ['3.4']
- Feed dearplayers_updates: fetch_ok changed: False -> True
- Feed dearplayers_updates: status changed: fetch-failed -> curl-ok
- Feed official_site: fetch_ok changed: False -> True
- Feed official_site: status changed: fetch-failed -> curl-ok
- Automatic candidate updates changed. Added: ww-3.2-phase-2-character: last_checked 2026-05-19 -> 2026-05-29, ww-3.3-phase-1-character: last_checked 2026-05-19 -> 2026-05-29, ww-3.4-phase-1-preview: last_checked 2026-05-28 -> 2026-05-29. Removed: none
- Manual review rows changed. Added: none. Removed: ww-3.2-phase-2-character, ww-3.3-phase-1-character, ww-3.4-phase-1-preview

[2026-05-30T11:00:57] CHANGED
report_generated_at=2026-05-30T11:00:28
summary=rows_checked:6,rows_needing_review:5,failed_source_fetches:0,possible_new_versions:none
- ww-3.2-phase-2-character: reasons changed. Added: last_checked is 11 days old. Removed: last_checked is 10 days old
- ww-3.3-phase-1-character: reasons changed. Added: last_checked is 11 days old. Removed: last_checked is 10 days old
- ww-3.3-phase-1-weapon: reasons changed. Added: last_checked is 11 days old. Removed: last_checked is 10 days old
- Automatic candidate updates changed. Added: ww-3.2-phase-2-character: last_checked 2026-05-19 -> 2026-05-30, ww-3.3-phase-1-character: last_checked 2026-05-19 -> 2026-05-30, ww-3.4-phase-1-preview: last_checked 2026-05-28 -> 2026-05-30. Removed: ww-3.2-phase-2-character: last_checked 2026-05-19 -> 2026-05-29, ww-3.3-phase-1-character: last_checked 2026-05-19 -> 2026-05-29, ww-3.4-phase-1-preview: last_checked 2026-05-28 -> 2026-05-29

[2026-05-31T11:00:49] CHANGED
report_generated_at=2026-05-31T11:00:25
summary=rows_checked:6,rows_needing_review:5,failed_source_fetches:0,possible_new_versions:none
- ww-3.2-phase-2-character: reasons changed. Added: last_checked is 12 days old. Removed: last_checked is 11 days old
- ww-3.3-phase-1-character: reasons changed. Added: last_checked is 12 days old. Removed: last_checked is 11 days old
- ww-3.3-phase-1-weapon: reasons changed. Added: last_checked is 12 days old. Removed: last_checked is 11 days old
- Automatic candidate updates changed. Added: ww-3.2-phase-2-character: last_checked 2026-05-19 -> 2026-05-31, ww-3.3-phase-1-character: last_checked 2026-05-19 -> 2026-05-31, ww-3.4-phase-1-preview: last_checked 2026-05-28 -> 2026-05-31. Removed: ww-3.2-phase-2-character: last_checked 2026-05-19 -> 2026-05-30, ww-3.3-phase-1-character: last_checked 2026-05-19 -> 2026-05-30, ww-3.4-phase-1-preview: last_checked 2026-05-28 -> 2026-05-30

[2026-06-01T11:38:40] CHANGED
report_generated_at=2026-06-01T11:38:08
summary=rows_checked:6,rows_needing_review:5,failed_source_fetches:2,possible_new_versions:none
- Summary changed: failed_source_fetches: 0 -> 2
- ww-3.2-phase-2-character: reasons changed. Added: last_checked is 13 days old. Removed: last_checked is 12 days old
- ww-3.3-phase-1-character: reasons changed. Added: last_checked is 13 days old, source fetch failed: fetch-failed. Removed: last_checked is 12 days old
- ww-3.3-phase-1-weapon: reasons changed. Added: last_checked is 13 days old. Removed: last_checked is 12 days old
- ww-3.3-phase-2-character: reasons changed. Added: source fetch failed: fetch-failed. Removed: source page did not clearly match expected banner names
- ww-3.3-phase-1-character: source probe fetch_ok changed: True -> False
- ww-3.3-phase-1-character: source probe status changed: curl-ok -> fetch-failed
- ww-3.3-phase-1-character: source probe term_hits changed: ['3.3', 'Hiyuki'] -> []
- ww-3.3-phase-1-character: source probe version_hits changed: ['3.3'] -> []
- ww-3.3-phase-2-character: source probe fetch_ok changed: True -> False
- ww-3.3-phase-2-character: source probe status changed: curl-ok -> fetch-failed
- Automatic candidate updates changed. Added: ww-3.2-phase-2-character: last_checked 2026-05-19 -> 2026-06-01, ww-3.4-phase-1-preview: last_checked 2026-05-28 -> 2026-06-01. Removed: ww-3.2-phase-2-character: last_checked 2026-05-19 -> 2026-05-31, ww-3.3-phase-1-character: last_checked 2026-05-19 -> 2026-05-31, ww-3.4-phase-1-preview: last_checked 2026-05-28 -> 2026-05-31
- Manual review rows changed. Added: ww-3.3-phase-1-character. Removed: none

[2026-06-02T11:29:33] CHANGED
report_generated_at=2026-06-02T11:02:01
summary=rows_checked:6,rows_needing_review:5,failed_source_fetches:0,possible_new_versions:none
- Summary changed: failed_source_fetches: 2 -> 0
- ww-3.2-phase-2-character: reasons changed. Added: last_checked is 14 days old. Removed: last_checked is 13 days old
- ww-3.3-phase-1-character: reasons changed. Added: last_checked is 14 days old. Removed: last_checked is 13 days old, source fetch failed: fetch-failed
- ww-3.3-phase-1-weapon: reasons changed. Added: last_checked is 14 days old. Removed: last_checked is 13 days old
- ww-3.3-phase-2-character: reasons changed. Added: source page did not clearly match expected banner names. Removed: source fetch failed: fetch-failed
- ww-3.3-phase-1-character: source probe fetch_ok changed: False -> True
- ww-3.3-phase-1-character: source probe status changed: fetch-failed -> curl-ok
- ww-3.3-phase-1-character: source probe term_hits changed: [] -> ['3.3', 'Hiyuki']
- ww-3.3-phase-1-character: source probe version_hits changed: [] -> ['3.3']
- ww-3.3-phase-2-character: source probe fetch_ok changed: False -> True
- ww-3.3-phase-2-character: source probe status changed: fetch-failed -> curl-ok
- Feed dearplayers_updates: fetch_ok changed: True -> False
- Feed dearplayers_updates: status changed: curl-ok -> fetch-failed
- Automatic candidate updates changed. Added: ww-3.2-phase-2-character: last_checked 2026-05-19 -> 2026-06-02, ww-3.3-phase-1-character: last_checked 2026-05-19 -> 2026-06-02, ww-3.4-phase-1-preview: last_checked 2026-05-28 -> 2026-06-02. Removed: ww-3.2-phase-2-character: last_checked 2026-05-19 -> 2026-06-01, ww-3.4-phase-1-preview: last_checked 2026-05-28 -> 2026-06-01
- Manual review rows changed. Added: none. Removed: ww-3.3-phase-1-character

[2026-06-02T19:10:39] CHANGED
report_generated_at=2026-06-02T19:10:03
summary=rows_checked:8,rows_needing_review:3,failed_source_fetches:0,possible_new_versions:none
- Summary changed: rows_checked: 6 -> 8
- Summary changed: rows_needing_review: 5 -> 3
- New record appeared: ww-3.4-phase-1-character (Version 3.4 The Dream Not Dreamed, 3.4 Phase 1)
- New record appeared: ww-3.4-phase-1-weapon (Version 3.4 The Dream Not Dreamed Weapons, 3.4 Phase 1)
- ww-3.2-phase-2-character: needs_review changed: True -> False
- ww-3.2-phase-2-character: reasons changed. Added: none. Removed: last_checked is 14 days old
- ww-3.3-phase-1-character: needs_review changed: True -> False
- ww-3.3-phase-1-character: reasons changed. Added: none. Removed: last_checked is 14 days old
- ww-3.4-phase-1-preview: status changed: expected -> official
- Feed dearplayers_updates: fetch_ok changed: False -> True
- Feed dearplayers_updates: status changed: fetch-failed -> curl-ok
- Automatic candidate updates changed. Added: none. Removed: ww-3.2-phase-2-character: last_checked 2026-05-19 -> 2026-06-02, ww-3.3-phase-1-character: last_checked 2026-05-19 -> 2026-06-02, ww-3.4-phase-1-preview: last_checked 2026-05-28 -> 2026-06-02

[2026-06-03T11:19:36] CHANGED
report_generated_at=2026-06-03T11:09:19
summary=rows_checked:8,rows_needing_review:3,failed_source_fetches:0,possible_new_versions:none
- ww-3.3-phase-1-weapon: reasons changed. Added: last_checked is 15 days old. Removed: last_checked is 14 days old
- Automatic candidate updates changed. Added: ww-3.2-phase-2-character: last_checked 2026-06-02 -> 2026-06-03, ww-3.3-phase-1-character: last_checked 2026-06-02 -> 2026-06-03, ww-3.4-phase-1-character: last_checked 2026-06-02 -> 2026-06-03, ww-3.4-phase-1-preview: last_checked 2026-06-02 -> 2026-06-03, ww-3.4-phase-1-weapon: last_checked 2026-06-02 -> 2026-06-03. Removed: none

[2026-06-04T11:02:03] CHANGED
report_generated_at=2026-06-04T11:01:23
summary=rows_checked:8,rows_needing_review:3,failed_source_fetches:0,possible_new_versions:none
- ww-3.3-phase-1-weapon: reasons changed. Added: last_checked is 16 days old. Removed: last_checked is 15 days old
- Automatic candidate updates changed. Added: ww-3.2-phase-2-character: last_checked 2026-06-02 -> 2026-06-04, ww-3.3-phase-1-character: last_checked 2026-06-02 -> 2026-06-04, ww-3.4-phase-1-character: last_checked 2026-06-02 -> 2026-06-04, ww-3.4-phase-1-preview: last_checked 2026-06-02 -> 2026-06-04, ww-3.4-phase-1-weapon: last_checked 2026-06-02 -> 2026-06-04. Removed: ww-3.2-phase-2-character: last_checked 2026-06-02 -> 2026-06-03, ww-3.3-phase-1-character: last_checked 2026-06-02 -> 2026-06-03, ww-3.4-phase-1-character: last_checked 2026-06-02 -> 2026-06-03, ww-3.4-phase-1-preview: last_checked 2026-06-02 -> 2026-06-03, ww-3.4-phase-1-weapon: last_checked 2026-06-02 -> 2026-06-03

[2026-06-04T11:19:56] NO_SIGNIFICANT_CHANGE
report_generated_at=2026-06-04T11:19:11
summary=rows_checked:8,rows_needing_review:3,failed_source_fetches:0,possible_new_versions:none
- No significant change compared with the previous run.

